START 2026-09-07T05:19:11Z HEAD=4cc0f4b6
=== CMD-C1 run 1 2026-09-07T05:19:11Z ===
script_exit=0 last=S01-C1 verdict=1   summary:      Tests  2 failed | 7 passed (9)   hit-list: 1 (pinned .drawerScrim line: 1)   tsc ran: 0 exit 1, diagnostics outside the pin: 0
=== CMD-C1 run 2 2026-09-07T05:19:16Z ===
script_exit=0 last=S01-C1 verdict=1   summary:      Tests  2 failed | 7 passed (9)   hit-list: 1 (pinned .drawerScrim line: 1)   tsc ran: 0 exit 1, diagnostics outside the pin: 0
=== CMD-C1 run 3 2026-09-07T05:19:19Z ===
script_exit=0 last=S01-C1 verdict=1   summary:      Tests  2 failed | 7 passed (9)   hit-list: 1 (pinned .drawerScrim line: 1)   tsc ran: 0 exit 1, diagnostics outside the pin: 0
=== CMD-C2 run 1 2026-09-07T05:19:23Z ===
script_exit=0 last=S01-C2 verdict=1   summary:      Tests  6 passed (6)  files: Test Files  1 passed (1)   ADR Status:Proposed lines: 1, debateai.consent mentions: 4   tsc ran: 0 exit 1, diagnostics outside the pin: 0
=== CMD-C2 run 2 2026-09-07T05:19:25Z ===
script_exit=0 last=S01-C2 verdict=1   summary:      Tests  6 passed (6)  files: Test Files  1 passed (1)   ADR Status:Proposed lines: 1, debateai.consent mentions: 4   tsc ran: 0 exit 1, diagnostics outside the pin: 0
=== CMD-C2 run 3 2026-09-07T05:19:28Z ===
script_exit=0 last=S01-C2 verdict=1   summary:      Tests  6 passed (6)  files: Test Files  1 passed (1)   ADR Status:Proposed lines: 1, debateai.consent mentions: 4   tsc ran: 0 exit 1, diagnostics outside the pin: 0
=== CMD-C3 run 1 2026-09-07T05:19:30Z ===
script_exit=0 last=S01-C3 verdict=1   summary:      Tests  7 passed (7)  files: Test Files  1 passed (1)   hit-list: 1 (pinned: 1)  t9 failures: 2  S01 css blocks: 1   tsc ran: 0 exit 1, outside the pin: 0
=== CMD-C3 run 2 2026-09-07T05:19:34Z ===
script_exit=0 last=S01-C3 verdict=1   summary:      Tests  7 passed (7)  files: Test Files  1 passed (1)   hit-list: 1 (pinned: 1)  t9 failures: 2  S01 css blocks: 1   tsc ran: 0 exit 1, outside the pin: 0
=== CMD-C3 run 3 2026-09-07T05:19:39Z ===
script_exit=0 last=S01-C3 verdict=1   summary:      Tests  7 passed (7)  files: Test Files  1 passed (1)   hit-list: 1 (pinned: 1)  t9 failures: 2  S01 css blocks: 1   tsc ran: 0 exit 1, outside the pin: 0
=== CMD-C4 run 1 2026-09-07T05:19:43Z ===
script_exit=0 last=S01-C4 verdict=1   summary:      Tests  11 passed (11)  files: Test Files  1 passed (1)   hit-list: 1 (pinned: 1)  t9 failures: 2  S01 css blocks: 1   tsc ran: 0 exit 1, outside the pin: 0
=== CMD-C4 run 2 2026-09-07T05:19:47Z ===
script_exit=0 last=S01-C4 verdict=1   summary:      Tests  11 passed (11)  files: Test Files  1 passed (1)   hit-list: 1 (pinned: 1)  t9 failures: 2  S01 css blocks: 1   tsc ran: 0 exit 1, outside the pin: 0
=== CMD-C4 run 3 2026-09-07T05:19:51Z ===
script_exit=0 last=S01-C4 verdict=1   summary:      Tests  11 passed (11)  files: Test Files  1 passed (1)   hit-list: 1 (pinned: 1)  t9 failures: 2  S01 css blocks: 1   tsc ran: 0 exit 1, outside the pin: 0
=== CMD-C5 run 1 2026-09-07T05:19:56Z ===
script_exit=0 last=S01-C5 verdict=1   summary:      Tests  4 failed | 58 passed (62)  files: Test Files  1 failed | 2 passed (3)   failures: 4 (unpinned: 0)  guarded-green: 2  consent-mount lines: 31 (failing: 0)  hit-list: 1   tsc ran: 0 exit 1, outside the pin: 0
=== CMD-C5 run 2 2026-09-07T05:20:03Z ===
script_exit=0 last=S01-C5 verdict=1   summary:      Tests  4 failed | 58 passed (62)  files: Test Files  1 failed | 2 passed (3)   failures: 4 (unpinned: 0)  guarded-green: 2  consent-mount lines: 31 (failing: 0)  hit-list: 1   tsc ran: 0 exit 1, outside the pin: 0
=== CMD-C5 run 3 2026-09-07T05:20:10Z ===
script_exit=0 last=S01-C5 verdict=1   summary:      Tests  4 failed | 58 passed (62)  files: Test Files  1 failed | 2 passed (3)   failures: 4 (unpinned: 0)  guarded-green: 2  consent-mount lines: 31 (failing: 0)  hit-list: 1   tsc ran: 0 exit 1, outside the pin: 0
=== CMD-C6 run 1 2026-09-07T05:20:16Z ===
script_exit=0 last=S01-C6 verdict=1   summary:      Tests  14 passed (14)  files: Test Files  1 passed (1)   S02-files: ref resolved 0, commits in 4cc0f4b6efcd95214b6e9d2525ff04a40b6d2d69..HEAD touching them: 0, working-tree diff: 'none'   tsc ran: 0 exit 1, outside the pin: 0
=== CMD-C6 run 2 2026-09-07T05:20:19Z ===
script_exit=0 last=S01-C6 verdict=1   summary:      Tests  14 passed (14)  files: Test Files  1 passed (1)   S02-files: ref resolved 0, commits in 4cc0f4b6efcd95214b6e9d2525ff04a40b6d2d69..HEAD touching them: 0, working-tree diff: 'none'   tsc ran: 0 exit 1, outside the pin: 0
=== CMD-C6 run 3 2026-09-07T05:20:22Z ===
script_exit=0 last=S01-C6 verdict=1   summary:      Tests  14 passed (14)  files: Test Files  1 passed (1)   S02-files: ref resolved 0, commits in 4cc0f4b6efcd95214b6e9d2525ff04a40b6d2d69..HEAD touching them: 0, working-tree diff: 'none'   tsc ran: 0 exit 1, outside the pin: 0
=== CMD-C7 run 1 2026-09-07T05:20:25Z ===
script_exit=0 last=S01-C7 verdict=1   summary:      Tests  76 passed (76)  files: Test Files  6 passed (6)   hit-list: 1 (pinned: 1)  t9 failures: 2  S01 css blocks: 1   tsc ran: 0 exit 1, outside the pin: 0
=== CMD-C7 run 2 2026-09-07T05:20:31Z ===
script_exit=0 last=S01-C7 verdict=1   summary:      Tests  76 passed (76)  files: Test Files  6 passed (6)   hit-list: 1 (pinned: 1)  t9 failures: 2  S01 css blocks: 1   tsc ran: 0 exit 1, outside the pin: 0
=== CMD-C7 run 3 2026-09-07T05:20:38Z ===
script_exit=0 last=S01-C7 verdict=1   summary:      Tests  76 passed (76)  files: Test Files  6 passed (6)   hit-list: 1 (pinned: 1)  t9 failures: 2  S01 css blocks: 1   tsc ran: 0 exit 1, outside the pin: 0
APPSUI_TSC 2026-09-07T05:20:45Z
apps_ui_tsc_exit=0
END 2026-09-07T05:20:49Z
