node:internal/modules/run_main:123
    triggerUncaughtException(
    ^

AssertionError [ERR_ASSERTION]: Expected values to be strictly deep-equal:
+ actual - expected

+ [
+   '/Users/vladmihaimiron/Documents/DebateAIRO/dialectical-engine/.hermes/reports/support-conversation-20260914/evidence/GUIDE_RUNTIME7-stack-custody.json',
+   '/Users/vladmihaimiron/Documents/DebateAIRO/dialectical-engine/.hermes/reports/support-conversation-20260914/logs/GUIDE_LIVE20-stack.log'
+ ]
- []

    at file:///Users/vladmihaimiron/Documents/DebateAIRO/dialectical-engine/.hermes/reports/support-conversation-20260914/probes/GUIDE_HARNESS_BIND21/verify-final-binding.mjs:29:73
    at check (file:///Users/vladmihaimiron/Documents/DebateAIRO/dialectical-engine/.hermes/reports/support-conversation-20260914/probes/GUIDE_HARNESS_BIND21/verify-final-binding.mjs:11:41)
    at file:///Users/vladmihaimiron/Documents/DebateAIRO/dialectical-engine/.hermes/reports/support-conversation-20260914/probes/GUIDE_HARNESS_BIND21/verify-final-binding.mjs:29:1 {
  generatedMessage: true,
  code: 'ERR_ASSERTION',
  actual: [
    '/Users/vladmihaimiron/Documents/DebateAIRO/dialectical-engine/.hermes/reports/support-conversation-20260914/evidence/GUIDE_RUNTIME7-stack-custody.json',
    '/Users/vladmihaimiron/Documents/DebateAIRO/dialectical-engine/.hermes/reports/support-conversation-20260914/logs/GUIDE_LIVE20-stack.log'
  ],
  expected: [],
  operator: 'deepStrictEqual',
  diff: 'simple'
}

Node.js v22.23.1
