
 RUN  v5.0.1 /Users/stefannour/DebateAIRO/worktrees/v3-owner-team-access/dialectical-engine

stderr | tests/unit/registration.test.ts > T1 rework1 P2 — Argon2 pool failures share one auth envelope > maps every failure code on every auth route to the same secret-free 503
{"event":"api.request.failed","requestId":"req-1","method":"POST","route":"/v1/auth/register","diagnostic":"HASHING_UNAVAILABLE"}

 ↓ tests/unit/registration.test.ts > S3 ruled authentication policy > carries password, audit-IP KDF, verification, rate-limit, and own-mail rows with V provenance
 ↓ tests/unit/registration.test.ts > S3 ruled authentication policy > S3c B4 publishes a measured resident bound for flat preallocated limiter storage
 ↓ tests/unit/registration.test.ts > S3 ruled authentication policy > S3c B4 publishes one isolated RSS measurement per runtime and keeps the sealed one verbatim (V-25)
 ↓ tests/unit/registration.test.ts > S3 ruled authentication policy > S3c B4 refuses a runtime measurement that does not derive from its own curve (V-25)
 ↓ tests/unit/registration.test.ts > S3 ruled authentication policy > S3c B4 keeps the isolated production RSS curve below the published measured bound
 ↓ tests/unit/registration.test.ts > S3 ruled authentication policy > publishes S3c collateral and cooldown plus S3d non-interfering credential lifecycle
 ↓ tests/unit/registration.test.ts > S3 ruled authentication policy > S3d D1 rules arm-independent leases, a deadline, and truthful bounded retention
 ↓ tests/unit/registration.test.ts > S3 ruled authentication policy > S3c C1 publishes a booted-process provisioning bound distinct from the isolated limiter measurement
 ↓ tests/unit/registration.test.ts > S3 ruled authentication policy > S3c C2 derives every beyond-threat point from the exact-binomial full-budget model
 ↓ tests/unit/registration.test.ts > S3 ruled authentication policy > S3 rework4 fold-in bounds attacker-controlled audit KDF cost rows
 ↓ tests/unit/registration.test.ts > S3 password, token, pseudonym, and secret-store primitives > hashes with the ruled Argon2id parameters and verifies without retaining plaintext
 ↓ tests/unit/registration.test.ts > S3 password, token, pseudonym, and secret-store primitives > creates single-purpose opaque tokens and stable-format non-derived pseudonym candidates
 ↓ tests/unit/registration.test.ts > S3 password, token, pseudonym, and secret-store primitives > stores only a wrapped DEK in a documented 0700/0600 file layout
 ↓ tests/unit/registration.test.ts > S3 password, token, pseudonym, and secret-store primitives > publishes user DEKs only after file, child-directory, and parent-directory fsync
 ↓ tests/unit/registration.test.ts > S3 password, token, pseudonym, and secret-store primitives > fails closed at every user-DEK publication fsync stage
 ↓ tests/unit/registration.test.ts > S3 password, token, pseudonym, and secret-store primitives > publishes user-DEK absence only after unlink, parent fsync, and lstat readback
 ↓ tests/unit/registration.test.ts > S3 public auth facade, limiter, and test mail channel > declares all three auth routes public and returns the spam-safe fixed responses
 ↓ tests/unit/registration.test.ts > S3 public auth facade, limiter, and test mail channel > S3c D2 keeps admission source-owned at 20/10/3 despite attacker-controlled addresses
 ↓ tests/unit/registration.test.ts > S3 public auth facade, limiter, and test mail channel > keeps fixed-slot memory bounded under a 200k single-source flood
 ↓ tests/unit/registration.test.ts > S3 public auth facade, limiter, and test mail channel > does not evict an active at-limit bucket when new keys churn past the cap
 ↓ tests/unit/registration.test.ts > S3 public auth facade, limiter, and test mail channel > S3c B3 keeps a one-source flood refused at 20/10/3 before slot saturation
 ↓ tests/unit/registration.test.ts > S3 public auth facade, limiter, and test mail channel > S3c D1 makes two colliding rotating sources share one budget without laundering state
 ↓ tests/unit/registration.test.ts > S3 public auth facade, limiter, and test mail channel > S3c D3 retains no raw bucket key but records the bounded refusal-source residual
 ↓ tests/unit/registration.test.ts > S3 public auth facade, limiter, and test mail channel > T4 counts distinct refusal sources exactly until the fixed cap and then says it saturated
 ↓ tests/unit/registration.test.ts > S3 public auth facade, limiter, and test mail channel > S3 rework4 B6 models verification and delivery columns only on channel_binding
 ↓ tests/unit/registration.test.ts > S3 public auth facade, limiter, and test mail channel > S3 rework4 B7 removes the abandoned argon2 workspace placeholder
 ↓ tests/unit/registration.test.ts > S3 public auth facade, limiter, and test mail channel > uses an in-memory test transport that never invokes a real mail process
 ↓ tests/unit/registration.test.ts > S3 public auth facade, limiter, and test mail channel > terminates a hung local mail process at the ruled transport timeout
 ↓ tests/unit/registration.test.ts > S3 public auth facade, limiter, and test mail channel > rejects malformed and CRLF recipients before invoking sendmail
 ↓ tests/unit/registration.test.ts > S3 public auth facade, limiter, and test mail channel > never puts a recipient address on the sendmail argv (L7-F7)
stderr | tests/unit/registration.test.ts > T1 rework1 P2 — Argon2 pool failures share one auth envelope > maps every failure code on every auth route to the same secret-free 503
{"event":"api.request.failed","requestId":"req-2","method":"POST","route":"/v1/auth/verify-email","diagnostic":"HASHING_UNAVAILABLE"}

stderr | tests/unit/registration.test.ts > T1 rework1 P2 — Argon2 pool failures share one auth envelope > maps every failure code on every auth route to the same secret-free 503
{"event":"api.request.failed","requestId":"req-3","method":"POST","route":"/v1/auth/resend-verification","diagnostic":"HASHING_UNAVAILABLE"}

stderr | tests/unit/registration.test.ts > T1 rework1 P2 — Argon2 pool failures share one auth envelope > maps every failure code on every auth route to the same secret-free 503
{"event":"api.request.failed","requestId":"req-1","method":"POST","route":"/v1/auth/register","diagnostic":"HASHING_UNAVAILABLE"}

stderr | tests/unit/registration.test.ts > T1 rework1 P2 — Argon2 pool failures share one auth envelope > maps every failure code on every auth route to the same secret-free 503
{"event":"api.request.failed","requestId":"req-2","method":"POST","route":"/v1/auth/verify-email","diagnostic":"HASHING_UNAVAILABLE"}

stderr | tests/unit/registration.test.ts > T1 rework1 P2 — Argon2 pool failures share one auth envelope > maps every failure code on every auth route to the same secret-free 503
{"event":"api.request.failed","requestId":"req-3","method":"POST","route":"/v1/auth/resend-verification","diagnostic":"HASHING_UNAVAILABLE"}

stderr | tests/unit/registration.test.ts > T1 rework1 P2 — Argon2 pool failures share one auth envelope > maps every failure code on every auth route to the same secret-free 503
{"event":"api.request.failed","requestId":"req-1","method":"POST","route":"/v1/auth/register","diagnostic":"HASHING_UNAVAILABLE"}

stderr | tests/unit/registration.test.ts > T1 rework1 P2 — Argon2 pool failures share one auth envelope > maps every failure code on every auth route to the same secret-free 503
{"event":"api.request.failed","requestId":"req-2","method":"POST","route":"/v1/auth/verify-email","diagnostic":"HASHING_UNAVAILABLE"}

stderr | tests/unit/registration.test.ts > T1 rework1 P2 — Argon2 pool failures share one auth envelope > maps every failure code on every auth route to the same secret-free 503
{"event":"api.request.failed","requestId":"req-3","method":"POST","route":"/v1/auth/resend-verification","diagnostic":"HASHING_UNAVAILABLE"}

stderr | tests/unit/registration.test.ts > T1 rework1 P2 — Argon2 pool failures share one auth envelope > maps every failure code on every auth route to the same secret-free 503
{"event":"api.request.failed","requestId":"req-1","method":"POST","route":"/v1/auth/register","diagnostic":"HASHING_UNAVAILABLE"}

stderr | tests/unit/registration.test.ts > T1 rework1 P2 — Argon2 pool failures share one auth envelope > maps every failure code on every auth route to the same secret-free 503
{"event":"api.request.failed","requestId":"req-2","method":"POST","route":"/v1/auth/verify-email","diagnostic":"HASHING_UNAVAILABLE"}

stderr | tests/unit/registration.test.ts > T1 rework1 P2 — Argon2 pool failures share one auth envelope > maps every failure code on every auth route to the same secret-free 503
{"event":"api.request.failed","requestId":"req-3","method":"POST","route":"/v1/auth/resend-verification","diagnostic":"HASHING_UNAVAILABLE"}

stderr | tests/unit/registration.test.ts > T1 rework1 P2 — Argon2 pool failures share one auth envelope > keeps the pre-existing envelopes for failures that are not the pool
{"event":"api.request.failed","requestId":"req-1","method":"POST","route":"/v1/auth/register","diagnostic":"AUTH_FLOW_ERROR"}

stderr | tests/unit/registration.test.ts > T1 rework1 P2 — Argon2 pool failures share one auth envelope > keeps the pre-existing envelopes for failures that are not the pool
{"event":"api.request.failed","requestId":"req-1","method":"POST","route":"/v1/auth/register","diagnostic":"AUTH_FLOW_ERROR"}

stderr | tests/unit/registration.test.ts > T1 rework1 P2 — Argon2 pool failures share one auth envelope > keeps the pre-existing envelopes for failures that are not the pool
{"event":"api.request.failed","requestId":"req-1","method":"POST","route":"/v1/auth/register","diagnostic":"ERROR"}

stderr | tests/unit/registration.test.ts > T1 rework1 P2 — Argon2 pool failures share one auth envelope > types every service-level pool failure occurrence, retaining the cause internally
[AUTH_REGISTRATION_PROVISION_FAILED] correlation=54d2b530-8ac3-4b16-b539-c890babbe2e5 code=PROVISION_FAILED

 ✓ tests/unit/registration.test.ts > T1 rework1 P2 — Argon2 pool failures share one auth envelope > maps every failure code on every auth route to the same secret-free 503 614ms
 ✓ tests/unit/registration.test.ts > T1 rework1 P2 — Argon2 pool failures share one auth envelope > keeps the pre-existing envelopes for failures that are not the pool 12ms
 ✓ tests/unit/registration.test.ts > T1 rework1 P2 — Argon2 pool failures share one auth envelope > types every service-level pool failure occurrence, retaining the cause internally 12ms
 ✓ tests/unit/registration.test.ts > T1 rework7 A1 — the structural admission budget is exactly 103 > admits 100 and 103, refuses the 104th, and charges nothing for invalid input or source 16ms
 ✓ tests/unit/registration.test.ts > T1 rework7 A1 — the structural admission budget is exactly 103 > caps a simultaneous burst of 128 at exactly 103 admissions 19ms
 ✓ tests/unit/registration.test.ts > T1 rework7 A1 — the structural admission budget is exactly 103 > caps a simultaneous burst of 160 at exactly 103 admissions 25ms
 ✓ tests/unit/registration.test.ts > T1 rework7 A1 — the structural admission budget is exactly 103 > does no repository, limiter, KDF, mail, token, mutation or audit work for the 104th 25ms
 ✓ tests/unit/registration.test.ts > T1 rework7 A1 — the structural admission budget is exactly 103 > holds the 104th refusal to the ruled clamp and returns identical bytes on both address arms 51ms
 ✓ tests/unit/registration.test.ts > T1 rework7 A1 — the admission token is released exactly once, and never early > keeps the admission through commit, clamp and handoff, and drops it only after 9ms
 ✓ tests/unit/registration.test.ts > T1 rework7 A1 — the admission token is released exactly once, and never early > releases exactly once on successful delivery 2ms
 ✓ tests/unit/registration.test.ts > T1 rework7 A1 — the admission token is released exactly once, and never early > releases exactly once on duplicate address 1ms
 ✓ tests/unit/registration.test.ts > T1 rework7 A1 — the admission token is released exactly once, and never early > releases exactly once on rate-limit refusal 5ms
 ✓ tests/unit/registration.test.ts > T1 rework7 A1 — the admission token is released exactly once, and never early > releases exactly once on immediate shared-queue full 2ms
 ✓ tests/unit/registration.test.ts > T1 rework7 A1 — the admission token is released exactly once, and never early > releases exactly once on password hash failure 1ms
 ✓ tests/unit/registration.test.ts > T1 rework7 A1 — the admission token is released exactly once, and never early > releases exactly once on database provisioning failure 1ms
 ✓ tests/unit/registration.test.ts > T1 rework7 A1 — the admission token is released exactly once, and never early > releases exactly once on delivery audit failure 1ms
 ✓ tests/unit/registration.test.ts > T1 rework7 A1 — the admission token is released exactly once, and never early > releases exactly once on response clamp failure 1ms
 ✓ tests/unit/registration.test.ts > T1 rework7 A1 — the admission token is released exactly once, and never early > makes the admission release closure idempotent, so surplus calls cannot underflow the budget 13ms
 ✓ tests/unit/registration.test.ts > T1 rework7 A1 — the admission token is released exactly once, and never early > does not reserve mail capacity while a started password hash is unsettled 8ms
 ✓ tests/unit/registration.test.ts > T1 rework7 A1 — the admission token is released exactly once, and never early > uses the exact 5700ms registration lease and releases admission once on reservation refusal 9ms
 ✓ tests/unit/registration.test.ts > T1 rework7 A1 — the admission token is released exactly once, and never early > hands a provisioning failure to one visible reservation hold and invokes its release once 8ms
 ↓ tests/unit/registration.test.ts > T1 rework7 A2 — the registration mail-permit deadline is 28 s and resend stays 18 s > publishes 28,000 ms for registration and 18,000 ms for everything else
 ↓ tests/unit/registration.test.ts > T1 rework7 A2 — the registration mail-permit deadline is 28 s and resend stays 18 s > arms exactly 28000 ms on a queued register
 ↓ tests/unit/registration.test.ts > T1 rework7 A2 — the registration mail-permit deadline is 28 s and resend stays 18 s > arms exactly 18000 ms on a queued resend
 ↓ tests/unit/registration.test.ts > T1 rework7 A2 — the registration mail-permit deadline is 28 s and resend stays 18 s > times a queued registration out as AUTH_MAIL_BUSY, retaining no waiter, token or secret
 ↓ tests/unit/registration.test.ts > T1 rework7 A2 — the registration mail-permit deadline is 28 s and resend stays 18 s > still times a queued resend out on its own 18-second-derived deadline
 ↓ tests/unit/registration.test.ts > T1 rework8 F1/F2 — password work may not outlive its admission token > holds the admission and drain through started password work before attempting a reservation
 ↓ tests/unit/registration.test.ts > T1 rework8 F1/F2 — password work may not outlive its admission token > keeps a genuinely queued hash outside the mail queue until a hash slot becomes available
 ↓ tests/unit/registration.test.ts > T1 rework7 A3 — admission close-and-drain > awaits the exact transition to zero and then refuses new registrations
 ↓ tests/unit/registration.test.ts > T1 rework7 A3 — admission close-and-drain > joins one promise for concurrent drains started while requests are still admitted

 Test Files  1 passed (1)
      Tests  21 passed | 39 skipped (60)
   Start at  22:05:05
   Duration  2.04s (tests 43%, transform 32%, import 25%)
