✔ createNonce draws 16 random bytes as 24 base64 characters, fresh every call (1.324041ms)
✔ the production policy is nonce + strict-dynamic with no inline or eval escape hatch (0.10775ms)
✔ development adds exactly 'unsafe-eval' (React Refresh) and nothing else (0.069ms)
✔ Next extracts the same nonce from the policy the middleware puts on the request (0.155125ms)
✔ a malformed nonce is refused, never interpolated into a policy (0.177917ms)
✔ the fallback is exactly the pre-nonce production policy and the API policy denies everything (0.036417ms)
✔ the root layout reads the request nonce and passes it to its inline theme bootstrap (0.143667ms)
✔ the middleware owns the nonce: request x-nonce + CSP, response CSP, api/static paths excluded (0.16975ms)
✔ the custom server pre-sets the fallback policy on every response before Next runs (0.157334ms)
✔ every auth translation key used by the owned source exists in English (3.972ms)
✔ all 35 locales expose the final auth key set and interpolation contract (11.437125ms)
✔ S2-auth source has no hard-coded user-visible English (18.010917ms)
✔ auth server routes load the auth namespace and pass it to client flows (0.416166ms)
✔ client-only auth surfaces resolve the selected auth catalogue (0.143916ms)
✔ sign-up localizes the successful registration response and has no resend response (0.092041ms)
✔ the canonical verification route still delegates to MFA enrollment (0.058541ms)
✔ the site-wide header rule keeps every non-CSP security header and carries no CSP (the middleware owns it) (0.621333ms)
✔ proxied /api responses get the static deny-all policy the upstream cannot supply (0.078292ms)
✔ dead export knob is gone, the framework fingerprint is off, the image optimizer is off (0.049416ms)
ℹ tests 19
ℹ suites 0
ℹ pass 19
ℹ fail 0
ℹ cancelled 0
ℹ skipped 0
ℹ todo 0
ℹ duration_ms 390.921
