
 RUN  v5.0.1 /Users/stefannour/DebateAIRO/worktrees/v3-owner-team-access/dialectical-engine

 ✓ tests/unit/obs-l2-s04-zone.test.ts > S04 semantic zone boundary > calls the resolver over the real mount-list source and runs ZI-1..ZI-4 62ms
 ✓ tests/unit/obs-l2-s04-zone.test.ts > S04 semantic zone boundary > passes all 15 required falsification mutants 101ms
 ✓ tests/unit/obs-l2-s04-zone.test.ts > S04 semantic zone boundary > fails closed when a fourth mount enters the registration block 13ms
 ✓ tests/unit/obs-l2-s04-zone.test.ts > S04 semantic zone boundary > fails closed when a ruled registration route is renamed 6ms
 ✓ tests/unit/obs-l2-s04-zone.test.ts > S04 semantic zone boundary > fails closed for a nested-only guard, an else branch, and malformed braces 20ms
 ✓ tests/unit/obs-l2-s04-zone.test.ts > S04 semantic zone boundary > treats handler dispatch identity and excluded-zone imports as structural gates 6ms
 ✓ tests/unit/obs-l2-s04-zone.test.ts > S04 human-owned manifest > reproduces canonical bytes from the ruled literal data and includes mfa zone-for-now 5ms
 ✓ tests/unit/obs-l2-s04-zone.test.ts > S04 human-owned manifest > matches only anchored repo-root paths and rejects decoys and node_modules 0ms
 ✓ tests/unit/obs-l2-s04-zone.test.ts > S04 human-owned manifest > contains no runtime probe or excluded-zone import surface 0ms
 ✓ tests/unit/obs-l2-s04-zone.test.ts > S04 six-row producing-module classifier > implements every row without retaining zone codes, payloads, or traces 1ms
 ✓ tests/unit/obs-l2-s04-zone.test.ts > S04 six-row producing-module classifier > walks the whole bounded cause chain and uses the deepest producing stack 0ms
 ✓ tests/unit/obs-l2-s04-zone.test.ts > S04 six-row producing-module classifier > scrubs every zone frame to one token and terminates captured cause output 0ms
 ✓ tests/unit/obs-l2-s04-zone.test.ts > S04 six-row producing-module classifier > fails safe on cycles, hostile getters, truncated stacks, and invalid depth 0ms
 ✓ tests/unit/obs-l2-s04-zone.test.ts > S04 off-path accounting > does exactly one opaque enqueue on the zone request path 0ms
 ✓ tests/unit/obs-l2-s04-zone.test.ts > S04 off-path accounting > flushes anonymous daily deltas no more often than interval plus jitter 0ms
 ✓ tests/unit/obs-l2-s04-zone.test.ts > S04 off-path accounting > deduplicates drift to manifest-hash plus day and requeues failed flushes 0ms
 ✓ tests/unit/obs-l2-s04-zone.test.ts > S04 off-path accounting > does not duplicate an already-written daily delta when a later row fails 0ms

 Test Files  1 passed (1)
      Tests  17 passed (17)
   Start at  22:24:05
   Duration  352ms (tests 74%, transform 19%, import 6%)
